main.c:119:5:main	8	static
main.c:209:6:SystemClock_Config	88	static
main.c:253:13:MX_I2C3_Init	8	static
main.c:287:13:MX_SPI1_Init	8	static
main.c:325:13:MX_SPI4_Init	8	static
main.c:363:13:MX_GPIO_Init	56	static
main.c:510:6:set_senosr_struct	16	static
main.c:538:6:user_delay_ms	16	static
main.c:547:8:user_spi_read	32	static
main.c:580:8:user_spi_write	24	static
main.c:615:8:user_i2c_read	32	static
main.c:648:8:user_i2c_write	32	static
main.c:684:6:bme680_start	24	static
main.c:727:6:StartSensorTask	24	static
main.c:766:6:StartDisplayTask	64	static
main.c:839:6:StartLedTask	24	static
main.c:866:6:HAL_TIM_PeriodElapsedCallback	16	static
main.c:883:6:Error_Handler	8	static,ignoring_inline_asm
