main.c:95:5:main	56	static
main.c:181:6:SystemClock_Config	112	static
main.c:234:13:MX_I2C3_Init	8	static
main.c:268:13:MX_I2S2_Init	8	static
main.c:302:13:MX_I2S3_Init	8	static
main.c:336:13:MX_SPI1_Init	8	static
main.c:374:13:MX_SPI4_Init	8	static
main.c:412:13:MX_GPIO_Init	56	static
main.c:513:6:set_senosr_struct	16	static
main.c:541:6:user_delay_ms	16	static
main.c:550:8:user_spi_read	32	static
main.c:583:8:user_spi_write	24	static
main.c:618:8:user_i2c_read	32	static
main.c:651:8:user_i2c_write	32	static
main.c:722:6:bme680_start	24	static
main.c:762:6:Error_Handler	4	static,ignoring_inline_asm
