EPD_2in7.c:200:13:EPD_2in7_Reset	8	static
EPD_2in7.c:215:13:EPD_2in7_SendCommand	16	static
EPD_2in7.c:228:13:EPD_2in7_SendData	16	static
EPD_2in7.c:240:13:EPD_2in7_ReadBusy	16	static
EPD_2in7.c:257:13:EPD_2in7_SetLut	16	static
EPD_2in7.c:286:6:EPD_2in7_gray_SetLut	16	static
EPD_2in7.c:319:6:EPD_2IN7_Init	8	static
EPD_2in7.c:386:6:EPD_2IN7_Init_4Gray	8	static
EPD_2in7.c:460:6:EPD_2IN7_Clear	24	static
EPD_2in7.c:488:6:EPD_2IN7_Display	32	static
EPD_2in7.c:511:6:EPD_2IN7_4GrayDisplay	32	static
EPD_2in7.c:607:6:EPD_2IN7_Sleep	8	static
