EPD_5in83b_V2.c:37:13:EPD_5IN83B_V2_Reset	8	static
EPD_5in83b_V2.c:52:13:EPD_5IN83B_V2_SendCommand	16	static
EPD_5in83b_V2.c:65:13:EPD_5IN83B_V2_SendData	16	static
EPD_5in83b_V2.c:77:6:EPD_5IN83B_V2_WaitUntilIdle	16	static
EPD_5in83b_V2.c:96:13:EPD_5IN83B_V2_TurnOnDisplay	8	static
EPD_5in83b_V2.c:107:7:EPD_5IN83B_V2_Init	8	static
EPD_5in83b_V2.c:147:6:EPD_5IN83B_V2_Clear	16	static
EPD_5in83b_V2.c:170:6:EPD_5IN83B_V2_Clear_C	24	static
EPD_5in83b_V2.c:219:6:EPD_5IN83B_V2_Display	40	static
EPD_5in83b_V2.c:241:6:EPD_5IN83B_V2_DisplayPicture	88	static
EPD_5in83b_V2.c:306:6:EPD_5IN83B_V2_Sleep	8	static
