EPD_3in7.c:98:13:EPD_3IN7_Reset	8	static
EPD_3in7.c:113:13:EPD_3IN7_SendCommand	16	static
EPD_3in7.c:126:13:EPD_3IN7_SendData	16	static
EPD_3in7.c:134:13:EPD_3IN7_ReadBusy_HIGH	16	static
EPD_3in7.c:149:6:EPD_3IN7_Load_LUT	24	static
EPD_3in7.c:172:6:EPD_3IN7_4Gray_Init	8	static
EPD_3in7.c:250:6:EPD_3IN7_1Gray_Init	8	static
EPD_3in7.c:328:6:EPD_3IN7_4Gray_Clear	24	static
EPD_3in7.c:377:6:EPD_3IN7_1Gray_Clear	16	static
EPD_3in7.c:405:6:EPD_3IN7_4Gray_Display	32	static
EPD_3in7.c:519:6:EPD_3IN7_1Gray_Display	24	static
EPD_3in7.c:546:6:EPD_3IN7_1Gray_Display_Part	32	static
EPD_3in7.c:578:6:EPD_3IN7_Sleep	8	static
