EPD_1in54.c:108:13:EPD_1IN54_Reset	8	static
EPD_1in54.c:123:13:EPD_1IN54_SendCommand	16	static
EPD_1in54.c:136:13:EPD_1IN54_SendData	16	static
EPD_1in54.c:148:6:EPD_1IN54_ReadBusy	8	static
EPD_1in54.c:161:13:EPD_1IN54_SetWindow	24	static
EPD_1in54.c:178:13:EPD_1IN54_SetCursor	16	static
EPD_1in54.c:192:13:EPD_1IN54_TurnOnDisplay	8	static
EPD_1in54.c:206:6:EPD_1IN54_Init	24	static
EPD_1in54.c:252:6:EPD_1IN54_Clear	16	static
EPD_1in54.c:272:6:EPD_1IN54_Display	32	static
EPD_1in54.c:296:6:EPD_1IN54_Sleep	8	static
