EPD_2in7b_V2.c:39:13:EPD_2IN7B_V2_Reset	8	static
EPD_2in7b_V2.c:54:13:EPD_2IN7B_V2_SendCommand	16	static
EPD_2in7b_V2.c:67:13:EPD_2IN7B_V2_SendData	16	static
EPD_2in7b_V2.c:79:13:EPD_2IN7B_V2_ReadBusy	8	static
EPD_2in7b_V2.c:88:13:EPD_2IN7B_V2_TurnOnDisplay	8	static
EPD_2in7b_V2.c:98:13:EPD_2IN7B_V2_SetWindows	24	static
EPD_2in7b_V2.c:115:13:EPD_2IN7B_V2_SetCursor	16	static
EPD_2in7b_V2.c:129:6:EPD_2IN7B_V2_Init	8	static
EPD_2in7b_V2.c:153:6:EPD_2IN7B_V2_Clear	24	static
EPD_2in7b_V2.c:180:6:EPD_2IN7B_V2_Display	32	static
EPD_2in7b_V2.c:207:6:EPD_2IN7B_V2_Sleep	8	static
