EPD_7in5_HD.c:38:13:EPD_7IN5_HD_Reset	8	static
EPD_7in5_HD.c:53:13:EPD_7IN5_HD_SendCommand	16	static
EPD_7in5_HD.c:66:13:EPD_7IN5_HD_SendData	16	static
EPD_7in5_HD.c:78:13:EPD_7IN5_HD_WaitUntilIdle	8	static
EPD_7in5_HD.c:94:6:EPD_7IN5_HD_Init	8	static
EPD_7in5_HD.c:164:6:EPD_7IN5_HD_Clear	24	static
EPD_7in5_HD.c:194:6:EPD_7IN5_HD_Display	40	static
EPD_7in5_HD.c:222:6:EPD_7IN5_HD_WritePicture	40	static
EPD_7in5_HD.c:255:6:EPD_7IN5_HD_DisplayImage	40	static
EPD_7in5_HD.c:288:6:EPD_7IN5_HD_Sleep	8	static
