EPD_1in02d.c:86:13:EPD_1IN02_Reset	8	static
EPD_1in02d.c:102:13:EPD_1IN02_SendCommand	16	static
EPD_1in02d.c:116:13:EPD_1IN02_SendData	16	static
EPD_1in02d.c:127:6:EPD_1IN02_SetFulltReg	16	static
EPD_1in02d.c:142:6:EPD_1IN02_SetPartReg	16	static
EPD_1in02d.c:159:6:EPD_1IN02_WaitUntilIdle	16	static
EPD_1in02d.c:176:6:EPD_1IN02_TurnOnDisplay	8	static
EPD_1in02d.c:190:7:EPD_1IN02_Init	8	static
EPD_1in02d.c:240:6:EPD_1IN02_Part_Init	8	static
EPD_1in02d.c:287:6:EPD_1IN02_Clear	16	static
EPD_1in02d.c:308:6:EPD_1IN02_Display	32	static
EPD_1in02d.c:337:6:EPD_1IN02_DisplayPartial	32	static
EPD_1in02d.c:374:6:EPD_1IN02_Sleep	8	static
